******************************************************************************
                  TI ARM Linker PC v20.2.7                     
******************************************************************************
>> Linked Sun Jan 22 13:45:57 2023

OUTPUT FILE NAME:   <Led Blinking using Tiva API2.out>
ENTRY POINT SYMBOL: "_c_int00_noinit_noargs"  address: 000009e5


MEMORY CONFIGURATION

         name            origin    length      used     unused   attr    fill
----------------------  --------  ---------  --------  --------  ----  --------
  FLASH                 00000000   00040000  00000abc  0003f544  R  X
  SRAM                  20000000   00008000  00000200  00007e00  RW X


SEGMENT ALLOCATION MAP

run origin  load origin   length   init length attrs members
----------  ----------- ---------- ----------- ----- -------
00000000    00000000    00000abc   00000abc    r-x
  00000000    00000000    0000026c   0000026c    r-- .intvecs
  0000026c    0000026c    000007e4   000007e4    r-x .text
  00000a50    00000a50    0000006c   0000006c    r-- .const
20000000    20000000    00000200   00000000    rw-
  20000000    20000000    00000200   00000000    rw- .stack


SECTION ALLOCATION MAP

 output                                  attributes/
section   page    origin      length       input sections
--------  ----  ----------  ----------   ----------------
.intvecs   0    00000000    0000026c     
                  00000000    0000026c     tm4c123gh6pm_startup_ccs.obj (.intvecs)

.text      0    0000026c    000007e4     
                  0000026c    0000016c     driverlib.lib : gpio.obj (.text:GPIOPadConfigSet)
                  000003d8    00000136     rtsv7M4_T_le_v4SPD16_eabi.lib : fd_div_t2.asm.obj (.text)
                  0000050e    00000002     --HOLE-- [fill = 0]
                  00000510    00000118     driverlib.lib : sysctl.obj (.text:SysCtlClockGet)
                  00000628    000000fc     rtsv7M4_T_le_v4SPD16_eabi.lib : fd_mul_t2.asm.obj (.text)
                  00000724    000000f4     driverlib.lib : sysctl.obj (.text:SysCtlClockSet)
                  00000818    000000b8     Led Blinking using Tiva API22.obj (.text)
                  000008d0    00000044     rtsv7M4_T_le_v4SPD16_eabi.lib : fd_tou_t2.asm.obj (.text)
                  00000914    00000038     driverlib.lib : sysctl.obj (.text:SysCtlPeripheralReady)
                  0000094c    00000038     rtsv7M4_T_le_v4SPD16_eabi.lib : fs_tod_t2.asm.obj (.text)
                  00000984    00000034     driverlib.lib : sysctl.obj (.text:SysCtlPeripheralEnable)
                  000009b8    0000002c                   : gpio.obj (.text:GPIODirModeSet)
                  000009e4    0000002c     rtsv7M4_T_le_v4SPD16_eabi.lib : boot_cortex_m.c.obj (.text:_c_int00_noinit_noargs:_c_int00_noinit_noargs)
                  00000a10    00000020                                   : u_tofd_t2.asm.obj (.text)
                  00000a30    0000000c     tm4c123gh6pm_startup_ccs.obj (.text)
                  00000a3c    00000006     driverlib.lib : gpio.obj (.text:GPIOPinWrite)
                  00000a42    00000006                   : sysctl.obj (.text:SysCtlDelay)
                  00000a48    00000004     rtsv7M4_T_le_v4SPD16_eabi.lib : pre_init.c.obj (.text:_system_pre_init)
                  00000a4c    00000004                                   : exit.c.obj (.text:abort:abort)

.const     0    00000a50    0000006c     
                  00000a50    0000006c     driverlib.lib : sysctl.obj (.const:g_pui32Xtals)

.cinit     0    00000000    00000000     UNINITIALIZED

.init_array 
*          0    00000000    00000000     UNINITIALIZED

.stack     0    20000000    00000200     UNINITIALIZED
                  20000000    00000004     rtsv7M4_T_le_v4SPD16_eabi.lib : boot_cortex_m.c.obj (.stack)
                  20000004    000001fc     --HOLE--

__llvm_prf_cnts 
*          0    20000000    00000000     UNINITIALIZED

MODULE SUMMARY

       Module                              code   ro data   rw data
       ------                              ----   -------   -------
    .\
       tm4c123gh6pm_startup_ccs.obj        12     620       0      
       Led Blinking using Tiva API22.obj   184    0         0      
    +--+-----------------------------------+------+---------+---------+
       Total:                              196    620       0      
                                                                   
    C:/ti/TivaWare_C_Series-2.2.0.295/driverlib/ccs/Debug/driverlib.lib
       sysctl.obj                          638    108       0      
       gpio.obj                            414    0         0      
    +--+-----------------------------------+------+---------+---------+
       Total:                              1052   108       0      
                                                                   
    C:\ti\ccs1220\ccs\tools\compiler\ti-cgt-arm_20.2.7.LTS\lib\rtsv7M4_T_le_v4SPD16_eabi.lib
       fd_div_t2.asm.obj                   310    0         0      
       fd_mul_t2.asm.obj                   252    0         0      
       fd_tou_t2.asm.obj                   68     0         0      
       fs_tod_t2.asm.obj                   56     0         0      
       boot_cortex_m.c.obj                 44     0         0      
       u_tofd_t2.asm.obj                   32     0         0      
       exit.c.obj                          4      0         0      
       pre_init.c.obj                      4      0         0      
    +--+-----------------------------------+------+---------+---------+
       Total:                              770    0         0      
                                                                   
       Stack:                              0      0         512    
    +--+-----------------------------------+------+---------+---------+
       Grand Total:                        2018   728       512    


GLOBAL SYMBOLS: SORTED ALPHABETICALLY BY Name 

address   name                   
-------   ----                   
00000a4d  C$$EXIT                
00000881  DelayMs                
000009b9  GPIODirModeSet         
0000026d  GPIOPadConfigSet       
00000a3d  GPIOPinWrite           
00000a31  ResetISR               
00000511  SysCtlClockGet         
00000725  SysCtlClockSet         
00000a43  SysCtlDelay            
00000985  SysCtlPeripheralEnable 
00000915  SysCtlPeripheralReady  
20000200  __STACK_END            
00000200  __STACK_SIZE           
20000200  __STACK_TOP            
ffffffff  __TI_pprof_out_hndl    
ffffffff  __TI_prof_data_size    
ffffffff  __TI_prof_data_start   
00000000  __TI_static_base__     
000008d1  __aeabi_d2uiz          
000003d9  __aeabi_ddiv           
00000629  __aeabi_dmul           
0000094d  __aeabi_f2d            
00000a11  __aeabi_ui2d           
ffffffff  __binit__              
ffffffff  __c_args__             
UNDEFED   __mpu_init             
20000000  __stack                
20000000  __start___llvm_prf_cnts
20000000  __stop___llvm_prf_cnts 
000009e5  _c_int00_noinit_noargs 
00000a49  _system_pre_init       
00000a4d  abort                  
ffffffff  binit                  
00000000  g_pfnVectors           
00000819  main                   


GLOBAL SYMBOLS: SORTED BY Symbol Address 

address   name                   
-------   ----                   
00000000  __TI_static_base__     
00000000  g_pfnVectors           
00000200  __STACK_SIZE           
0000026d  GPIOPadConfigSet       
000003d9  __aeabi_ddiv           
00000511  SysCtlClockGet         
00000629  __aeabi_dmul           
00000725  SysCtlClockSet         
00000819  main                   
00000881  DelayMs                
000008d1  __aeabi_d2uiz          
00000915  SysCtlPeripheralReady  
0000094d  __aeabi_f2d            
00000985  SysCtlPeripheralEnable 
000009b9  GPIODirModeSet         
000009e5  _c_int00_noinit_noargs 
00000a11  __aeabi_ui2d           
00000a31  ResetISR               
00000a3d  GPIOPinWrite           
00000a43  SysCtlDelay            
00000a49  _system_pre_init       
00000a4d  C$$EXIT                
00000a4d  abort                  
20000000  __stack                
20000000  __start___llvm_prf_cnts
20000000  __stop___llvm_prf_cnts 
20000200  __STACK_END            
20000200  __STACK_TOP            
ffffffff  __TI_pprof_out_hndl    
ffffffff  __TI_prof_data_size    
ffffffff  __TI_prof_data_start   
ffffffff  __binit__              
ffffffff  __c_args__             
ffffffff  binit                  
UNDEFED   __mpu_init             

[35 symbols]
