******************************************************************************
                  TI ARM Linker PC v20.2.7                     
******************************************************************************
>> Linked Thu Feb  2 05:44:12 2023

OUTPUT FILE NAME:   <Tiva C interface with push button using MY LIB External LED2.out>
ENTRY POINT SYMBOL: "_c_int00_noinit_noargs"  address: 00000d15


MEMORY CONFIGURATION

         name            origin    length      used     unused   attr    fill
----------------------  --------  ---------  --------  --------  ----  --------
  FLASH                 00000000   00040000  00000e26  0003f1da  R  X
  SRAM                  20000000   00008000  00000200  00007e00  RW X


SEGMENT ALLOCATION MAP

run origin  load origin   length   init length attrs members
----------  ----------- ---------- ----------- ----- -------
00000000    00000000    00000e28   00000e28    r-x
  00000000    00000000    0000026c   0000026c    r-- .intvecs
  0000026c    0000026c    00000b4e   00000b4e    r-x .text
  00000dbc    00000dbc    0000006c   0000006c    r-- .const
20000000    20000000    00000200   00000000    rw-
  20000000    20000000    00000200   00000000    rw- .stack


SECTION ALLOCATION MAP

 output                                  attributes/
section   page    origin      length       input sections
--------  ----  ----------  ----------   ----------------
.intvecs   0    00000000    0000026c     
                  00000000    0000026c     tm4c123gh6pm_startup_ccs.obj (.intvecs)

.text      0    0000026c    00000b4e     
                  0000026c    000001dc     Tiva C interface with push button using MYLIB External LED2.obj (.text)
                  00000448    0000017c     pin.lib : pin.obj (.text)
                  000005c4    0000016c     driverlib.lib : gpio.obj (.text:GPIOPadConfigSet)
                  00000730    00000136     rtsv7M4_T_le_v4SPD16_eabi.lib : fd_div_t2.asm.obj (.text)
                  00000866    00000002     --HOLE-- [fill = 0]
                  00000868    00000118     driverlib.lib : sysctl.obj (.text:SysCtlClockGet)
                  00000980    000000fc     rtsv7M4_T_le_v4SPD16_eabi.lib : fd_mul_t2.asm.obj (.text)
                  00000a7c    000000f4     driverlib.lib : sysctl.obj (.text:SysCtlClockSet)
                  00000b70    00000090     delay.lib : delay.obj (.text)
                  00000c00    00000044     rtsv7M4_T_le_v4SPD16_eabi.lib : fd_tou_t2.asm.obj (.text)
                  00000c44    00000038     driverlib.lib : sysctl.obj (.text:SysCtlPeripheralReady)
                  00000c7c    00000038     rtsv7M4_T_le_v4SPD16_eabi.lib : fs_tod_t2.asm.obj (.text)
                  00000cb4    00000034     driverlib.lib : sysctl.obj (.text:SysCtlPeripheralEnable)
                  00000ce8    0000002c                   : gpio.obj (.text:GPIODirModeSet)
                  00000d14    0000002c     rtsv7M4_T_le_v4SPD16_eabi.lib : boot_cortex_m.c.obj (.text:_c_int00_noinit_noargs:_c_int00_noinit_noargs)
                  00000d40    00000020                                   : u_tofd_t2.asm.obj (.text)
                  00000d60    0000001c     driverlib.lib : sysctl.obj (.text:SysCtlGPIOAHBEnable)
                  00000d7c    00000018                   : gpio.obj (.text:GPIOUnlockPin)
                  00000d94    0000000c     tm4c123gh6pm_startup_ccs.obj (.text)
                  00000da0    00000006     driverlib.lib : gpio.obj (.text:GPIOPinRead)
                  00000da6    00000006                   : gpio.obj (.text:GPIOPinWrite)
                  00000dac    00000006                   : sysctl.obj (.text:SysCtlDelay)
                  00000db2    00000004     rtsv7M4_T_le_v4SPD16_eabi.lib : pre_init.c.obj (.text:_system_pre_init)
                  00000db6    00000004                                   : exit.c.obj (.text:abort:abort)

.const     0    00000dbc    0000006c     
                  00000dbc    0000006c     driverlib.lib : sysctl.obj (.const:g_pui32Xtals)

.cinit     0    00000000    00000000     UNINITIALIZED

.init_array 
*          0    00000000    00000000     UNINITIALIZED

.stack     0    20000000    00000200     UNINITIALIZED
                  20000000    00000004     rtsv7M4_T_le_v4SPD16_eabi.lib : boot_cortex_m.c.obj (.stack)
                  20000004    000001fc     --HOLE--

__llvm_prf_cnts 
*          0    20000000    00000000     UNINITIALIZED

MODULE SUMMARY

       Module                                                            code   ro data   rw data
       ------                                                            ----   -------   -------
    .\
       tm4c123gh6pm_startup_ccs.obj                                      12     620       0      
       Tiva C interface with push button using MYLIB External LED2.obj   476    0         0      
    +--+-----------------------------------------------------------------+------+---------+---------+
       Total:                                                            488    620       0      
                                                                                                 
    C:/Users/ibrah/Desktop/Tivaware Projects/MyLib/delay/Debug/delay.lib
       delay.obj                                                         144    0         0      
    +--+-----------------------------------------------------------------+------+---------+---------+
       Total:                                                            144    0         0      
                                                                                                 
    C:/Users/ibrah/Desktop/Tivaware Projects/MyLib/pin/Debug/pin.lib
       pin.obj                                                           380    0         0      
    +--+-----------------------------------------------------------------+------+---------+---------+
       Total:                                                            380    0         0      
                                                                                                 
    C:/ti/TivaWare_C_Series-2.2.0.295/driverlib/ccs/Debug/driverlib.lib
       sysctl.obj                                                        666    108       0      
       gpio.obj                                                          444    0         0      
    +--+-----------------------------------------------------------------+------+---------+---------+
       Total:                                                            1110   108       0      
                                                                                                 
    C:\ti\ccs1220\ccs\tools\compiler\ti-cgt-arm_20.2.7.LTS\lib\rtsv7M4_T_le_v4SPD16_eabi.lib
       fd_div_t2.asm.obj                                                 310    0         0      
       fd_mul_t2.asm.obj                                                 252    0         0      
       fd_tou_t2.asm.obj                                                 68     0         0      
       fs_tod_t2.asm.obj                                                 56     0         0      
       boot_cortex_m.c.obj                                               44     0         0      
       u_tofd_t2.asm.obj                                                 32     0         0      
       exit.c.obj                                                        4      0         0      
       pre_init.c.obj                                                    4      0         0      
    +--+-----------------------------------------------------------------+------+---------+---------+
       Total:                                                            770    0         0      
                                                                                                 
       Stack:                                                            0      0         512    
    +--+-----------------------------------------------------------------+------+---------+---------+
       Grand Total:                                                      2892   728       512    


GLOBAL SYMBOLS: SORTED ALPHABETICALLY BY Name 

address   name                   
-------   ----                   
00000db7  C$$EXIT                
00000b71  DelayMs                
00000bb1  DelayUs                
00000ce9  GPIODirModeSet         
000005c5  GPIOPadConfigSet       
00000da1  GPIOPinRead            
00000da7  GPIOPinWrite           
00000d7d  GPIOUnlockPin          
00000449  Pin_Init               
00000571  Pin_Read               
00000503  Pin_Write              
00000d95  ResetISR               
00000431  Set_Clock_80           
00000869  SysCtlClockGet         
00000a7d  SysCtlClockSet         
00000dad  SysCtlDelay            
00000d61  SysCtlGPIOAHBEnable    
00000cb5  SysCtlPeripheralEnable 
00000c45  SysCtlPeripheralReady  
20000200  __STACK_END            
00000200  __STACK_SIZE           
20000200  __STACK_TOP            
ffffffff  __TI_pprof_out_hndl    
ffffffff  __TI_prof_data_size    
ffffffff  __TI_prof_data_start   
00000000  __TI_static_base__     
00000c01  __aeabi_d2uiz          
00000731  __aeabi_ddiv           
00000981  __aeabi_dmul           
00000c7d  __aeabi_f2d            
00000d41  __aeabi_ui2d           
ffffffff  __binit__              
ffffffff  __c_args__             
UNDEFED   __mpu_init             
20000000  __stack                
20000000  __start___llvm_prf_cnts
20000000  __stop___llvm_prf_cnts 
00000d15  _c_int00_noinit_noargs 
00000db3  _system_pre_init       
00000db7  abort                  
ffffffff  binit                  
00000000  g_pfnVectors           
0000026d  main                   


GLOBAL SYMBOLS: SORTED BY Symbol Address 

address   name                   
-------   ----                   
00000000  __TI_static_base__     
00000000  g_pfnVectors           
00000200  __STACK_SIZE           
0000026d  main                   
00000431  Set_Clock_80           
00000449  Pin_Init               
00000503  Pin_Write              
00000571  Pin_Read               
000005c5  GPIOPadConfigSet       
00000731  __aeabi_ddiv           
00000869  SysCtlClockGet         
00000981  __aeabi_dmul           
00000a7d  SysCtlClockSet         
00000b71  DelayMs                
00000bb1  DelayUs                
00000c01  __aeabi_d2uiz          
00000c45  SysCtlPeripheralReady  
00000c7d  __aeabi_f2d            
00000cb5  SysCtlPeripheralEnable 
00000ce9  GPIODirModeSet         
00000d15  _c_int00_noinit_noargs 
00000d41  __aeabi_ui2d           
00000d61  SysCtlGPIOAHBEnable    
00000d7d  GPIOUnlockPin          
00000d95  ResetISR               
00000da1  GPIOPinRead            
00000da7  GPIOPinWrite           
00000dad  SysCtlDelay            
00000db3  _system_pre_init       
00000db7  C$$EXIT                
00000db7  abort                  
20000000  __stack                
20000000  __start___llvm_prf_cnts
20000000  __stop___llvm_prf_cnts 
20000200  __STACK_END            
20000200  __STACK_TOP            
ffffffff  __TI_pprof_out_hndl    
ffffffff  __TI_prof_data_size    
ffffffff  __TI_prof_data_start   
ffffffff  __binit__              
ffffffff  __c_args__             
ffffffff  binit                  
UNDEFED   __mpu_init             

[43 symbols]
