******************************************************************************
                  TI ARM Linker PC v20.2.7                     
******************************************************************************
>> Linked Wed Jan 25 01:15:31 2023

OUTPUT FILE NAME:   <Tiva C interface with push button using MYLIB.out>
ENTRY POINT SYMBOL: "_c_int00_noinit_noargs"  address: 00000bb9


MEMORY CONFIGURATION

         name            origin    length      used     unused   attr    fill
----------------------  --------  ---------  --------  --------  ----  --------
  FLASH                 00000000   00040000  00000cb2  0003f34e  R  X
  SRAM                  20000000   00008000  00000200  00007e00  RW X


SEGMENT ALLOCATION MAP

run origin  load origin   length   init length attrs members
----------  ----------- ---------- ----------- ----- -------
00000000    00000000    00000cb4   00000cb4    r-x
  00000000    00000000    0000026c   0000026c    r-- .intvecs
  0000026c    0000026c    000009da   000009da    r-x .text
  00000c48    00000c48    0000006c   0000006c    r-- .const
20000000    20000000    00000200   00000000    rw-
  20000000    20000000    00000200   00000000    rw- .stack


SECTION ALLOCATION MAP

 output                                  attributes/
section   page    origin      length       input sections
--------  ----  ----------  ----------   ----------------
.intvecs   0    00000000    0000026c     
                  00000000    0000026c     tm4c123gh6pm_startup_ccs.obj (.intvecs)

.text      0    0000026c    000009da     
                  0000026c    0000016c     driverlib.lib : gpio.obj (.text:GPIOPadConfigSet)
                  000003d8    00000140     pin.lib : pin.obj (.text)
                  00000518    00000136     rtsv7M4_T_le_v4SPD16_eabi.lib : fd_div_t2.asm.obj (.text)
                  0000064e    00000002     --HOLE-- [fill = 0]
                  00000650    00000118     driverlib.lib : sysctl.obj (.text:SysCtlClockGet)
                  00000768    000000fc     rtsv7M4_T_le_v4SPD16_eabi.lib : fd_mul_t2.asm.obj (.text)
                  00000864    000000f4     driverlib.lib : sysctl.obj (.text:SysCtlClockSet)
                  00000958    000000bc     Tiva C interface with push button using MYLIB.obj (.text)
                  00000a14    00000090     delay.lib : delay.obj (.text)
                  00000aa4    00000044     rtsv7M4_T_le_v4SPD16_eabi.lib : fd_tou_t2.asm.obj (.text)
                  00000ae8    00000038     driverlib.lib : sysctl.obj (.text:SysCtlPeripheralReady)
                  00000b20    00000038     rtsv7M4_T_le_v4SPD16_eabi.lib : fs_tod_t2.asm.obj (.text)
                  00000b58    00000034     driverlib.lib : sysctl.obj (.text:SysCtlPeripheralEnable)
                  00000b8c    0000002c                   : gpio.obj (.text:GPIODirModeSet)
                  00000bb8    0000002c     rtsv7M4_T_le_v4SPD16_eabi.lib : boot_cortex_m.c.obj (.text:_c_int00_noinit_noargs:_c_int00_noinit_noargs)
                  00000be4    00000020                                   : u_tofd_t2.asm.obj (.text)
                  00000c04    0000001c     driverlib.lib : sysctl.obj (.text:SysCtlGPIOAHBEnable)
                  00000c20    0000000c     tm4c123gh6pm_startup_ccs.obj (.text)
                  00000c2c    00000006     driverlib.lib : gpio.obj (.text:GPIOPinRead)
                  00000c32    00000006                   : gpio.obj (.text:GPIOPinWrite)
                  00000c38    00000006                   : sysctl.obj (.text:SysCtlDelay)
                  00000c3e    00000004     rtsv7M4_T_le_v4SPD16_eabi.lib : pre_init.c.obj (.text:_system_pre_init)
                  00000c42    00000004                                   : exit.c.obj (.text:abort:abort)

.const     0    00000c48    0000006c     
                  00000c48    0000006c     driverlib.lib : sysctl.obj (.const:g_pui32Xtals)

.cinit     0    00000000    00000000     UNINITIALIZED

.init_array 
*          0    00000000    00000000     UNINITIALIZED

.stack     0    20000000    00000200     UNINITIALIZED
                  20000000    00000004     rtsv7M4_T_le_v4SPD16_eabi.lib : boot_cortex_m.c.obj (.stack)
                  20000004    000001fc     --HOLE--

__llvm_prf_cnts 
*          0    20000000    00000000     UNINITIALIZED

MODULE SUMMARY

       Module                                              code   ro data   rw data
       ------                                              ----   -------   -------
    .\
       tm4c123gh6pm_startup_ccs.obj                        12     620       0      
       Tiva C interface with push button using MYLIB.obj   188    0         0      
    +--+---------------------------------------------------+------+---------+---------+
       Total:                                              200    620       0      
                                                                                   
    C:/Users/ibrah/Desktop/Tivaware Projects/MyLib/delay/Debug/delay.lib
       delay.obj                                           144    0         0      
    +--+---------------------------------------------------+------+---------+---------+
       Total:                                              144    0         0      
                                                                                   
    C:/Users/ibrah/Desktop/Tivaware Projects/MyLib/pin/Debug/pin.lib
       pin.obj                                             320    0         0      
    +--+---------------------------------------------------+------+---------+---------+
       Total:                                              320    0         0      
                                                                                   
    C:/ti/TivaWare_C_Series-2.2.0.295/driverlib/ccs/Debug/driverlib.lib
       sysctl.obj                                          666    108       0      
       gpio.obj                                            420    0         0      
    +--+---------------------------------------------------+------+---------+---------+
       Total:                                              1086   108       0      
                                                                                   
    C:\ti\ccs1220\ccs\tools\compiler\ti-cgt-arm_20.2.7.LTS\lib\rtsv7M4_T_le_v4SPD16_eabi.lib
       fd_div_t2.asm.obj                                   310    0         0      
       fd_mul_t2.asm.obj                                   252    0         0      
       fd_tou_t2.asm.obj                                   68     0         0      
       fs_tod_t2.asm.obj                                   56     0         0      
       boot_cortex_m.c.obj                                 44     0         0      
       u_tofd_t2.asm.obj                                   32     0         0      
       exit.c.obj                                          4      0         0      
       pre_init.c.obj                                      4      0         0      
    +--+---------------------------------------------------+------+---------+---------+
       Total:                                              770    0         0      
                                                                                   
       Stack:                                              0      0         512    
    +--+---------------------------------------------------+------+---------+---------+
       Grand Total:                                        2520   728       512    


GLOBAL SYMBOLS: SORTED ALPHABETICALLY BY Name 

address   name                   
-------   ----                   
00000c43  C$$EXIT                
00000a15  DelayMs                
00000a55  DelayUs                
00000b8d  GPIODirModeSet         
0000026d  GPIOPadConfigSet       
00000c2d  GPIOPinRead            
00000c33  GPIOPinWrite           
000003d9  Pin_Init               
000004d1  Pin_Read               
00000463  Pin_Write              
00000c21  ResetISR               
00000a01  Set_Clock_80           
00000651  SysCtlClockGet         
00000865  SysCtlClockSet         
00000c39  SysCtlDelay            
00000c05  SysCtlGPIOAHBEnable    
00000b59  SysCtlPeripheralEnable 
00000ae9  SysCtlPeripheralReady  
20000200  __STACK_END            
00000200  __STACK_SIZE           
20000200  __STACK_TOP            
ffffffff  __TI_pprof_out_hndl    
ffffffff  __TI_prof_data_size    
ffffffff  __TI_prof_data_start   
00000000  __TI_static_base__     
00000aa5  __aeabi_d2uiz          
00000519  __aeabi_ddiv           
00000769  __aeabi_dmul           
00000b21  __aeabi_f2d            
00000be5  __aeabi_ui2d           
ffffffff  __binit__              
ffffffff  __c_args__             
UNDEFED   __mpu_init             
20000000  __stack                
20000000  __start___llvm_prf_cnts
20000000  __stop___llvm_prf_cnts 
00000bb9  _c_int00_noinit_noargs 
00000c3f  _system_pre_init       
00000c43  abort                  
ffffffff  binit                  
00000000  g_pfnVectors           
00000959  main                   


GLOBAL SYMBOLS: SORTED BY Symbol Address 

address   name                   
-------   ----                   
00000000  __TI_static_base__     
00000000  g_pfnVectors           
00000200  __STACK_SIZE           
0000026d  GPIOPadConfigSet       
000003d9  Pin_Init               
00000463  Pin_Write              
000004d1  Pin_Read               
00000519  __aeabi_ddiv           
00000651  SysCtlClockGet         
00000769  __aeabi_dmul           
00000865  SysCtlClockSet         
00000959  main                   
00000a01  Set_Clock_80           
00000a15  DelayMs                
00000a55  DelayUs                
00000aa5  __aeabi_d2uiz          
00000ae9  SysCtlPeripheralReady  
00000b21  __aeabi_f2d            
00000b59  SysCtlPeripheralEnable 
00000b8d  GPIODirModeSet         
00000bb9  _c_int00_noinit_noargs 
00000be5  __aeabi_ui2d           
00000c05  SysCtlGPIOAHBEnable    
00000c21  ResetISR               
00000c2d  GPIOPinRead            
00000c33  GPIOPinWrite           
00000c39  SysCtlDelay            
00000c3f  _system_pre_init       
00000c43  C$$EXIT                
00000c43  abort                  
20000000  __stack                
20000000  __start___llvm_prf_cnts
20000000  __stop___llvm_prf_cnts 
20000200  __STACK_END            
20000200  __STACK_TOP            
ffffffff  __TI_pprof_out_hndl    
ffffffff  __TI_prof_data_size    
ffffffff  __TI_prof_data_start   
ffffffff  __binit__              
ffffffff  __c_args__             
ffffffff  binit                  
UNDEFED   __mpu_init             

[42 symbols]
