******************************************************************************
                  TI ARM Linker PC v20.2.7                     
******************************************************************************
>> Linked Wed Feb  1 20:06:01 2023

OUTPUT FILE NAME:   <Tiva C interface with poteniometer using MY LIB External LED3.out>
ENTRY POINT SYMBOL: "_c_int00_noinit_noargs"  address: 00000935


MEMORY CONFIGURATION

         name            origin    length      used     unused   attr    fill
----------------------  --------  ---------  --------  --------  ----  --------
  FLASH                 00000000   00040000  000009ba  0003f646  R  X
  SRAM                  20000000   00008000  00000200  00007e00  RW X


SEGMENT ALLOCATION MAP

run origin  load origin   length   init length attrs members
----------  ----------- ---------- ----------- ----- -------
00000000    00000000    000009ba   000009ba    r-x
  00000000    00000000    0000026c   0000026c    r-- .intvecs
  0000026c    0000026c    0000074e   0000074e    r-x .text
20000000    20000000    00000200   00000000    rw-
  20000000    20000000    00000200   00000000    rw- .stack


SECTION ALLOCATION MAP

 output                                  attributes/
section   page    origin      length       input sections
--------  ----  ----------  ----------   ----------------
.intvecs   0    00000000    0000026c     
                  00000000    0000026c     tm4c123gh6pm_startup_ccs.obj (.intvecs)

.text      0    0000026c    0000074e     
                  0000026c    00000254     Tiva C interface with potenimotere using MYLIB External LED.obj (.text)
                  000004c0    0000017c     pin.lib : pin.obj (.text)
                  0000063c    0000016c     driverlib.lib : gpio.obj (.text:GPIOPadConfigSet)
                  000007a8    000000f4                   : sysctl.obj (.text:SysCtlClockSet)
                  0000089c    00000038                   : sysctl.obj (.text:SysCtlPeripheralReady)
                  000008d4    00000034                   : sysctl.obj (.text:SysCtlPeripheralEnable)
                  00000908    0000002c                   : gpio.obj (.text:GPIODirModeSet)
                  00000934    0000002c     rtsv7M4_T_le_v4SPD16_eabi.lib : boot_cortex_m.c.obj (.text:_c_int00_noinit_noargs:_c_int00_noinit_noargs)
                  00000960    0000001c     driverlib.lib : sysctl.obj (.text:SysCtlGPIOAHBEnable)
                  0000097c    00000018                   : gpio.obj (.text:GPIOUnlockPin)
                  00000994    0000000c     tm4c123gh6pm_startup_ccs.obj (.text)
                  000009a0    00000006     driverlib.lib : gpio.obj (.text:GPIOPinRead)
                  000009a6    00000006                   : gpio.obj (.text:GPIOPinWrite)
                  000009ac    00000006                   : sysctl.obj (.text:SysCtlDelay)
                  000009b2    00000004     rtsv7M4_T_le_v4SPD16_eabi.lib : pre_init.c.obj (.text:_system_pre_init)
                  000009b6    00000004                                   : exit.c.obj (.text:abort:abort)

.cinit     0    00000000    00000000     UNINITIALIZED

.init_array 
*          0    00000000    00000000     UNINITIALIZED

.stack     0    20000000    00000200     UNINITIALIZED
                  20000000    00000004     rtsv7M4_T_le_v4SPD16_eabi.lib : boot_cortex_m.c.obj (.stack)
                  20000004    000001fc     --HOLE--

__llvm_prf_cnts 
*          0    20000000    00000000     UNINITIALIZED

MODULE SUMMARY

       Module                                                            code   ro data   rw data
       ------                                                            ----   -------   -------
    .\
       tm4c123gh6pm_startup_ccs.obj                                      12     620       0      
       Tiva C interface with potenimotere using MYLIB External LED.obj   596    0         0      
    +--+-----------------------------------------------------------------+------+---------+---------+
       Total:                                                            608    620       0      
                                                                                                 
    C:/Users/ibrah/Desktop/Tivaware Projects/MyLib/pin/Debug/pin.lib
       pin.obj                                                           380    0         0      
    +--+-----------------------------------------------------------------+------+---------+---------+
       Total:                                                            380    0         0      
                                                                                                 
    C:/ti/TivaWare_C_Series-2.2.0.295/driverlib/ccs/Debug/driverlib.lib
       gpio.obj                                                          444    0         0      
       sysctl.obj                                                        386    0         0      
    +--+-----------------------------------------------------------------+------+---------+---------+
       Total:                                                            830    0         0      
                                                                                                 
    C:\ti\ccs1220\ccs\tools\compiler\ti-cgt-arm_20.2.7.LTS\lib\rtsv7M4_T_le_v4SPD16_eabi.lib
       boot_cortex_m.c.obj                                               44     0         0      
       exit.c.obj                                                        4      0         0      
       pre_init.c.obj                                                    4      0         0      
    +--+-----------------------------------------------------------------+------+---------+---------+
       Total:                                                            52     0         0      
                                                                                                 
       Stack:                                                            0      0         512    
    +--+-----------------------------------------------------------------+------+---------+---------+
       Grand Total:                                                      1870   620       512    


GLOBAL SYMBOLS: SORTED ALPHABETICALLY BY Name 

address   name                   
-------   ----                   
000009b7  C$$EXIT                
00000909  GPIODirModeSet         
0000063d  GPIOPadConfigSet       
000009a1  GPIOPinRead            
000009a7  GPIOPinWrite           
0000097d  GPIOUnlockPin          
000004c1  Pin_Init               
000005e9  Pin_Read               
0000057b  Pin_Write              
00000995  ResetISR               
000004ab  Set_Clock_80           
000007a9  SysCtlClockSet         
000009ad  SysCtlDelay            
00000961  SysCtlGPIOAHBEnable    
000008d5  SysCtlPeripheralEnable 
0000089d  SysCtlPeripheralReady  
20000200  __STACK_END            
00000200  __STACK_SIZE           
20000200  __STACK_TOP            
ffffffff  __TI_pprof_out_hndl    
ffffffff  __TI_prof_data_size    
ffffffff  __TI_prof_data_start   
00000000  __TI_static_base__     
ffffffff  __binit__              
ffffffff  __c_args__             
UNDEFED   __mpu_init             
20000000  __stack                
20000000  __start___llvm_prf_cnts
20000000  __stop___llvm_prf_cnts 
00000935  _c_int00_noinit_noargs 
000009b3  _system_pre_init       
000009b7  abort                  
ffffffff  binit                  
00000000  g_pfnVectors           
0000026d  main                   


GLOBAL SYMBOLS: SORTED BY Symbol Address 

address   name                   
-------   ----                   
00000000  __TI_static_base__     
00000000  g_pfnVectors           
00000200  __STACK_SIZE           
0000026d  main                   
000004ab  Set_Clock_80           
000004c1  Pin_Init               
0000057b  Pin_Write              
000005e9  Pin_Read               
0000063d  GPIOPadConfigSet       
000007a9  SysCtlClockSet         
0000089d  SysCtlPeripheralReady  
000008d5  SysCtlPeripheralEnable 
00000909  GPIODirModeSet         
00000935  _c_int00_noinit_noargs 
00000961  SysCtlGPIOAHBEnable    
0000097d  GPIOUnlockPin          
00000995  ResetISR               
000009a1  GPIOPinRead            
000009a7  GPIOPinWrite           
000009ad  SysCtlDelay            
000009b3  _system_pre_init       
000009b7  C$$EXIT                
000009b7  abort                  
20000000  __stack                
20000000  __start___llvm_prf_cnts
20000000  __stop___llvm_prf_cnts 
20000200  __STACK_END            
20000200  __STACK_TOP            
ffffffff  __TI_pprof_out_hndl    
ffffffff  __TI_prof_data_size    
ffffffff  __TI_prof_data_start   
ffffffff  __binit__              
ffffffff  __c_args__             
ffffffff  binit                  
UNDEFED   __mpu_init             

[35 symbols]
