******************************************************************************
                  TI ARM Linker PC v20.2.7                     
******************************************************************************
>> Linked Mon Feb 20 14:33:43 2023

OUTPUT FILE NAME:   <Tiva C interface  poteniometer REGİSTERS.out>
ENTRY POINT SYMBOL: "_c_int00_noinit_noargs"  address: 00000885


MEMORY CONFIGURATION

         name            origin    length      used     unused   attr    fill
----------------------  --------  ---------  --------  --------  ----  --------
  FLASH                 00000000   00040000  00000904  0003f6fc  R  X
  SRAM                  20000000   00008000  00000200  00007e00  RW X


SEGMENT ALLOCATION MAP

run origin  load origin   length   init length attrs members
----------  ----------- ---------- ----------- ----- -------
00000000    00000000    00000904   00000904    r-x
  00000000    00000000    0000026c   0000026c    r-- .intvecs
  0000026c    0000026c    00000698   00000698    r-x .text
20000000    20000000    00000200   00000000    rw-
  20000000    20000000    00000200   00000000    rw- .stack


SECTION ALLOCATION MAP

 output                                  attributes/
section   page    origin      length       input sections
--------  ----  ----------  ----------   ----------------
.intvecs   0    00000000    0000026c     
                  00000000    0000026c     tm4c123gh6pm_startup_ccs.obj (.intvecs)

.text      0    0000026c    00000698     
                  0000026c    00000298     Potentiometer with registers.obj (.text)
                  00000504    0000017c     pin.lib : pin.obj (.text)
                  00000680    0000016c     driverlib.lib : gpio.obj (.text:GPIOPadConfigSet)
                  000007ec    00000038                   : sysctl.obj (.text:SysCtlPeripheralReady)
                  00000824    00000034                   : sysctl.obj (.text:SysCtlPeripheralEnable)
                  00000858    0000002c                   : gpio.obj (.text:GPIODirModeSet)
                  00000884    0000002c     rtsv7M4_T_le_v4SPD16_eabi.lib : boot_cortex_m.c.obj (.text:_c_int00_noinit_noargs:_c_int00_noinit_noargs)
                  000008b0    0000001c     driverlib.lib : sysctl.obj (.text:SysCtlGPIOAHBEnable)
                  000008cc    00000018                   : gpio.obj (.text:GPIOUnlockPin)
                  000008e4    0000000c     tm4c123gh6pm_startup_ccs.obj (.text)
                  000008f0    00000006     driverlib.lib : gpio.obj (.text:GPIOPinRead)
                  000008f6    00000006                   : gpio.obj (.text:GPIOPinWrite)
                  000008fc    00000004     rtsv7M4_T_le_v4SPD16_eabi.lib : pre_init.c.obj (.text:_system_pre_init)
                  00000900    00000004                                   : exit.c.obj (.text:abort:abort)

.cinit     0    00000000    00000000     UNINITIALIZED

.init_array 
*          0    00000000    00000000     UNINITIALIZED

.stack     0    20000000    00000200     UNINITIALIZED
                  20000000    00000004     rtsv7M4_T_le_v4SPD16_eabi.lib : boot_cortex_m.c.obj (.stack)
                  20000004    000001fc     --HOLE--

__llvm_prf_cnts 
*          0    20000000    00000000     UNINITIALIZED

MODULE SUMMARY

       Module                             code   ro data   rw data
       ------                             ----   -------   -------
    .\
       Potentiometer with registers.obj   664    0         0      
       tm4c123gh6pm_startup_ccs.obj       12     620       0      
    +--+----------------------------------+------+---------+---------+
       Total:                             676    620       0      
                                                                  
    C:/Users/ibrah/Desktop/Tivaware Projects/MyLib/pin/Debug/pin.lib
       pin.obj                            380    0         0      
    +--+----------------------------------+------+---------+---------+
       Total:                             380    0         0      
                                                                  
    C:/ti/TivaWare_C_Series-2.2.0.295/driverlib/ccs/Debug/driverlib.lib
       gpio.obj                           444    0         0      
       sysctl.obj                         136    0         0      
    +--+----------------------------------+------+---------+---------+
       Total:                             580    0         0      
                                                                  
    C:\ti\ccs1220\ccs\tools\compiler\ti-cgt-arm_20.2.7.LTS\lib\rtsv7M4_T_le_v4SPD16_eabi.lib
       boot_cortex_m.c.obj                44     0         0      
       exit.c.obj                         4      0         0      
       pre_init.c.obj                     4      0         0      
    +--+----------------------------------+------+---------+---------+
       Total:                             52     0         0      
                                                                  
       Stack:                             0      0         512    
    +--+----------------------------------+------+---------+---------+
       Grand Total:                       1688   620       512    


GLOBAL SYMBOLS: SORTED ALPHABETICALLY BY Name 

address   name                   
-------   ----                   
00000901  C$$EXIT                
00000859  GPIODirModeSet         
00000681  GPIOPadConfigSet       
000008f1  GPIOPinRead            
000008f7  GPIOPinWrite           
000008cd  GPIOUnlockPin          
00000505  Pin_Init               
0000062d  Pin_Read               
000005bf  Pin_Write              
000008e5  ResetISR               
000008b1  SysCtlGPIOAHBEnable    
00000825  SysCtlPeripheralEnable 
000007ed  SysCtlPeripheralReady  
20000200  __STACK_END            
00000200  __STACK_SIZE           
20000200  __STACK_TOP            
ffffffff  __TI_pprof_out_hndl    
ffffffff  __TI_prof_data_size    
ffffffff  __TI_prof_data_start   
00000000  __TI_static_base__     
ffffffff  __binit__              
ffffffff  __c_args__             
UNDEFED   __mpu_init             
20000000  __stack                
20000000  __start___llvm_prf_cnts
20000000  __stop___llvm_prf_cnts 
00000885  _c_int00_noinit_noargs 
000008fd  _system_pre_init       
00000901  abort                  
ffffffff  binit                  
00000000  g_pfnVectors           
0000026d  main                   


GLOBAL SYMBOLS: SORTED BY Symbol Address 

address   name                   
-------   ----                   
00000000  __TI_static_base__     
00000000  g_pfnVectors           
00000200  __STACK_SIZE           
0000026d  main                   
00000505  Pin_Init               
000005bf  Pin_Write              
0000062d  Pin_Read               
00000681  GPIOPadConfigSet       
000007ed  SysCtlPeripheralReady  
00000825  SysCtlPeripheralEnable 
00000859  GPIODirModeSet         
00000885  _c_int00_noinit_noargs 
000008b1  SysCtlGPIOAHBEnable    
000008cd  GPIOUnlockPin          
000008e5  ResetISR               
000008f1  GPIOPinRead            
000008f7  GPIOPinWrite           
000008fd  _system_pre_init       
00000901  C$$EXIT                
00000901  abort                  
20000000  __stack                
20000000  __start___llvm_prf_cnts
20000000  __stop___llvm_prf_cnts 
20000200  __STACK_END            
20000200  __STACK_TOP            
ffffffff  __TI_pprof_out_hndl    
ffffffff  __TI_prof_data_size    
ffffffff  __TI_prof_data_start   
ffffffff  __binit__              
ffffffff  __c_args__             
ffffffff  binit                  
UNDEFED   __mpu_init             

[32 symbols]
