******************************************************************************
                  TI ARM Linker PC v20.2.7                     
******************************************************************************
>> Linked Thu Feb  2 07:26:20 2023

OUTPUT FILE NAME:   <Systick Interrupt.out>
ENTRY POINT SYMBOL: "_c_int00_noargs"  address: 00001559


MEMORY CONFIGURATION

         name            origin    length      used     unused   attr    fill
----------------------  --------  ---------  --------  --------  ----  --------
  FLASH                 00000000   00040000  000017d4  0003e82c  R  X
  SRAM                  20000000   00008000  0000050d  00007af3  RW X


SEGMENT ALLOCATION MAP

run origin  load origin   length   init length attrs members
----------  ----------- ---------- ----------- ----- -------
00000000    00000000    000017d8   000017d8    r-x
  00000000    00000000    0000026c   0000026c    r-- .intvecs
  0000026c    0000026c    00001478   00001478    r-x .text
  000016e4    000016e4    000000b0   000000b0    r-- .const
  00001798    00001798    00000040   00000040    r-- .cinit
20000000    20000000    00000510   00000000    rw-
  20000000    20000000    0000026c   00000000    rw- .vtable
  2000026c    2000026c    00000001   00000000    rw- .data
  20000270    20000270    00000200   00000000    rw- .stack
  20000470    20000470    000000a0   00000000    rw- .bss


SECTION ALLOCATION MAP

 output                                  attributes/
section   page    origin      length       input sections
--------  ----  ----------  ----------   ----------------
.intvecs   0    00000000    0000026c     
                  00000000    0000026c     tm4c123gh6pm_startup_ccs.obj (.intvecs)

.text      0    0000026c    00001478     
                  0000026c    00000cc0     SysTick Interrupt.obj (.text)
                  00000f2c    0000017c     pin.lib : pin.obj (.text)
                  000010a8    0000016c     driverlib.lib : gpio.obj (.text:GPIOPadConfigSet)
                  00001214    000000f4                   : sysctl.obj (.text:SysCtlClockSet)
                  00001308    0000009c     rtsv7M4_T_le_v4SPD16_eabi.lib : memcpy_t2.asm.obj (.text)
                  000013a4    00000068     driverlib.lib : interrupt.obj (.text:IntEnable)
                  0000140c    00000068     rtsv7M4_T_le_v4SPD16_eabi.lib : copy_decompress_lzss.c.obj (.text:decompress:lzss:__TI_decompress_lzss)
                  00001474    00000044                                   : autoinit.c.obj (.text:__TI_auto_init_nobinit_nopinit:__TI_auto_init_nobinit_nopinit)
                  000014b8    00000038     driverlib.lib : sysctl.obj (.text:SysCtlPeripheralReady)
                  000014f0    00000034                   : interrupt.obj (.text:IntRegister)
                  00001524    00000034                   : sysctl.obj (.text:SysCtlPeripheralEnable)
                  00001558    00000034     rtsv7M4_T_le_v4SPD16_eabi.lib : boot_cortex_m.c.obj (.text:_c_int00_noargs:_c_int00_noargs)
                  0000158c    0000002c     driverlib.lib : gpio.obj (.text:GPIODirModeSet)
                  000015b8    00000024                   : interrupt.obj (.text:IntPrioritySet)
                  000015dc    0000001c                   : sysctl.obj (.text:SysCtlGPIOAHBEnable)
                  000015f8    0000001c     rtsv7M4_T_le_v4SPD16_eabi.lib : copy_zero_init.c.obj (.text:decompress:ZI:__TI_zero_init_nomemset:__TI_zero_init_nomemset)
                  00001614    00000018     driverlib.lib : gpio.obj (.text:GPIOUnlockPin)
                  0000162c    00000014                   : systick.obj (.text:SysTickDisable)
                  00001640    00000014                   : systick.obj (.text:SysTickEnable)
                  00001654    00000014                   : systick.obj (.text:SysTickIntEnable)
                  00001668    00000010                   : interrupt.obj (.text:IntMasterDisable)
                  00001678    00000010                   : interrupt.obj (.text:IntMasterEnable)
                  00001688    00000010                   : systick.obj (.text:SysTickPeriodSet)
                  00001698    0000000e     rtsv7M4_T_le_v4SPD16_eabi.lib : copy_decompress_none.c.obj (.text:decompress:none:__TI_decompress_none)
                  000016a6    0000000c     driverlib.lib : cpu.obj (.text:CPUcpsid)
                  000016b2    0000000c                   : cpu.obj (.text:CPUcpsie)
                  000016be    0000000c     tm4c123gh6pm_startup_ccs.obj (.text)
                  000016ca    00000006     driverlib.lib : gpio.obj (.text:GPIOPinRead)
                  000016d0    00000006                   : gpio.obj (.text:GPIOPinWrite)
                  000016d6    00000006                   : sysctl.obj (.text:SysCtlDelay)
                  000016dc    00000004     rtsv7M4_T_le_v4SPD16_eabi.lib : pre_init.c.obj (.text:_system_pre_init)
                  000016e0    00000004                                   : exit.c.obj (.text:abort:abort)

.const     0    000016e4    000000b0     
                  000016e4    0000009c     driverlib.lib : interrupt.obj (.const:g_pui32Regs)
                  00001780    00000014                   : interrupt.obj (.const:g_pui32EnRegs)

.cinit     0    00001798    00000040     
                  00001798    0000000c     (__TI_handler_table)
                  000017a4    00000004     --HOLE-- [fill = 0]
                  000017a8    00000008     (.cinit..bss.load) [load image, compression = zero_init]
                  000017b0    00000008     (.cinit..vtable.load) [load image, compression = zero_init]
                  000017b8    00000005     (.cinit..data.load) [load image, compression = lzss]
                  000017bd    00000003     --HOLE-- [fill = 0]
                  000017c0    00000018     (__TI_cinit_table)

.init_array 
*          0    00000000    00000000     UNINITIALIZED

.vtable    0    20000000    0000026c     UNINITIALIZED
                  20000000    0000026c     driverlib.lib : interrupt.obj (.vtable)

.data      0    2000026c    00000001     UNINITIALIZED
                  2000026c    00000001     SysTick Interrupt.obj (.data)

.bss       0    20000470    000000a0     UNINITIALIZED
                  20000470    00000014     (.common:led_1)
                  20000484    00000014     (.common:led_2)
                  20000498    00000014     (.common:led_3)
                  200004ac    00000014     (.common:led_4)
                  200004c0    00000014     (.common:led_5)
                  200004d4    00000014     (.common:led_6)
                  200004e8    00000014     (.common:led_7)
                  200004fc    00000014     (.common:led_8)

.stack     0    20000270    00000200     UNINITIALIZED
                  20000270    00000004     rtsv7M4_T_le_v4SPD16_eabi.lib : boot_cortex_m.c.obj (.stack)
                  20000274    000001fc     --HOLE--

__llvm_prf_cnts 
*          0    20000000    00000000     UNINITIALIZED

MODULE SUMMARY

       Module                         code   ro data   rw data
       ------                         ----   -------   -------
    .\
       SysTick Interrupt.obj          3264   0         161    
       tm4c123gh6pm_startup_ccs.obj   12     620       0      
    +--+------------------------------+------+---------+---------+
       Total:                         3276   620       161    
                                                              
    C:/Users/ibrah/Desktop/Tivaware Projects/MyLib/pin/Debug/pin.lib
       pin.obj                        380    0         0      
    +--+------------------------------+------+---------+---------+
       Total:                         380    0         0      
                                                              
    C:/ti/TivaWare_C_Series-2.2.0.295/driverlib/ccs/Debug/driverlib.lib
       interrupt.obj                  224    176       620    
       gpio.obj                       444    0         0      
       sysctl.obj                     386    0         0      
       systick.obj                    76     0         0      
       cpu.obj                        24     0         0      
    +--+------------------------------+------+---------+---------+
       Total:                         1154   176       620    
                                                              
    C:\ti\ccs1220\ccs\tools\compiler\ti-cgt-arm_20.2.7.LTS\lib\rtsv7M4_T_le_v4SPD16_eabi.lib
       memcpy_t2.asm.obj              156    0         0      
       copy_decompress_lzss.c.obj     104    0         0      
       autoinit.c.obj                 68     0         0      
       boot_cortex_m.c.obj            52     0         0      
       copy_zero_init.c.obj           28     0         0      
       copy_decompress_none.c.obj     14     0         0      
       exit.c.obj                     4      0         0      
       pre_init.c.obj                 4      0         0      
    +--+------------------------------+------+---------+---------+
       Total:                         430    0         0      
                                                              
       Stack:                         0      0         512    
       Linker Generated:              0      57        0      
    +--+------------------------------+------+---------+---------+
       Grand Total:                   5240   853       1293   


LINKER GENERATED COPY TABLES

__TI_cinit_table @ 000017c0 records: 3, size/record: 8, table size: 24
	.bss: load addr=000017a8, load size=00000008 bytes, run addr=20000470, run size=000000a0 bytes, compression=zero_init
	.vtable: load addr=000017b0, load size=00000008 bytes, run addr=20000000, run size=0000026c bytes, compression=zero_init
	.data: load addr=000017b8, load size=00000005 bytes, run addr=2000026c, run size=00000001 bytes, compression=lzss


LINKER GENERATED HANDLER TABLE

__TI_handler_table @ 00001798 records: 3, size/record: 4, table size: 12
	index: 0, handler: __TI_zero_init
	index: 1, handler: __TI_decompress_lzss
	index: 2, handler: __TI_decompress_none


GLOBAL SYMBOLS: SORTED ALPHABETICALLY BY Name 

address   name                          
-------   ----                          
000016e1  C$$EXIT                       
000016a7  CPUcpsid                      
000016b3  CPUcpsie                      
0000158d  GPIODirModeSet                
000010a9  GPIOPadConfigSet              
000016cb  GPIOPinRead                   
000016d1  GPIOPinWrite                  
00001615  GPIOUnlockPin                 
000013a5  IntEnable                     
00001669  IntMasterDisable              
00001679  IntMasterEnable               
000015b9  IntPrioritySet                
000014f1  IntRegister                   
00000f2d  Pin_Init                      
00001055  Pin_Read                      
00000fe7  Pin_Write                     
000016bf  ResetISR                      
0000043b  Set_Clock_80                  
00001215  SysCtlClockSet                
000016d7  SysCtlDelay                   
000015dd  SysCtlGPIOAHBEnable           
00001525  SysCtlPeripheralEnable        
000014b9  SysCtlPeripheralReady         
0000162d  SysTickDisable                
00001641  SysTickEnable                 
00001655  SysTickIntEnable              
00001689  SysTickPeriodSet              
000004a1  Systick_INT_Handler           
00000445  Systick_INT_Init              
20000470  __STACK_END                   
00000200  __STACK_SIZE                  
20000470  __STACK_TOP                   
000017c0  __TI_CINIT_Base               
000017d8  __TI_CINIT_Limit              
00001798  __TI_Handler_Table_Base       
000017a4  __TI_Handler_Table_Limit      
00001475  __TI_auto_init_nobinit_nopinit
0000140d  __TI_decompress_lzss          
00001699  __TI_decompress_none          
ffffffff  __TI_pprof_out_hndl           
ffffffff  __TI_prof_data_size           
ffffffff  __TI_prof_data_start          
00000000  __TI_static_base__            
000015f9  __TI_zero_init_nomemset       
00001309  __aeabi_memcpy                
00001309  __aeabi_memcpy4               
00001309  __aeabi_memcpy8               
ffffffff  __binit__                     
ffffffff  __c_args__                    
UNDEFED   __mpu_init                    
20000270  __stack                       
20000000  __start___llvm_prf_cnts       
20000000  __stop___llvm_prf_cnts        
00001559  _c_int00_noargs               
UNDEFED   _system_post_cinit            
000016dd  _system_pre_init              
000016e1  abort                         
ffffffff  binit                         
20000000  g_pfnRAMVectors               
00000000  g_pfnVectors                  
20000470  led_1                         
20000484  led_2                         
20000498  led_3                         
200004ac  led_4                         
200004c0  led_5                         
200004d4  led_6                         
200004e8  led_7                         
200004fc  led_8                         
0000026d  main                          
00001309  memcpy                        


GLOBAL SYMBOLS: SORTED BY Symbol Address 

address   name                          
-------   ----                          
00000000  __TI_static_base__            
00000000  g_pfnVectors                  
00000200  __STACK_SIZE                  
0000026d  main                          
0000043b  Set_Clock_80                  
00000445  Systick_INT_Init              
000004a1  Systick_INT_Handler           
00000f2d  Pin_Init                      
00000fe7  Pin_Write                     
00001055  Pin_Read                      
000010a9  GPIOPadConfigSet              
00001215  SysCtlClockSet                
00001309  __aeabi_memcpy                
00001309  __aeabi_memcpy4               
00001309  __aeabi_memcpy8               
00001309  memcpy                        
000013a5  IntEnable                     
0000140d  __TI_decompress_lzss          
00001475  __TI_auto_init_nobinit_nopinit
000014b9  SysCtlPeripheralReady         
000014f1  IntRegister                   
00001525  SysCtlPeripheralEnable        
00001559  _c_int00_noargs               
0000158d  GPIODirModeSet                
000015b9  IntPrioritySet                
000015dd  SysCtlGPIOAHBEnable           
000015f9  __TI_zero_init_nomemset       
00001615  GPIOUnlockPin                 
0000162d  SysTickDisable                
00001641  SysTickEnable                 
00001655  SysTickIntEnable              
00001669  IntMasterDisable              
00001679  IntMasterEnable               
00001689  SysTickPeriodSet              
00001699  __TI_decompress_none          
000016a7  CPUcpsid                      
000016b3  CPUcpsie                      
000016bf  ResetISR                      
000016cb  GPIOPinRead                   
000016d1  GPIOPinWrite                  
000016d7  SysCtlDelay                   
000016dd  _system_pre_init              
000016e1  C$$EXIT                       
000016e1  abort                         
00001798  __TI_Handler_Table_Base       
000017a4  __TI_Handler_Table_Limit      
000017c0  __TI_CINIT_Base               
000017d8  __TI_CINIT_Limit              
20000000  __start___llvm_prf_cnts       
20000000  __stop___llvm_prf_cnts        
20000000  g_pfnRAMVectors               
20000270  __stack                       
20000470  __STACK_END                   
20000470  __STACK_TOP                   
20000470  led_1                         
20000484  led_2                         
20000498  led_3                         
200004ac  led_4                         
200004c0  led_5                         
200004d4  led_6                         
200004e8  led_7                         
200004fc  led_8                         
ffffffff  __TI_pprof_out_hndl           
ffffffff  __TI_prof_data_size           
ffffffff  __TI_prof_data_start          
ffffffff  __binit__                     
ffffffff  __c_args__                    
ffffffff  binit                         
UNDEFED   __mpu_init                    
UNDEFED   _system_post_cinit            

[70 symbols]
